
	visual 0x27 selected
OpenGL context created.
Version 4.2
Vendor NVIDIA Corporation
Renderer NVIDIA GeForce GTX 1060 6GB/PCIe/SSE2
0Event
Render
0Event
Render
0Event
Render
1Event
0Event
Render
0Event
Render
0Event
Render
0Event
Render
0Event
Render
0Event
Render
0Event
Render
0Event
Render
0Event
Render
0Event
Render
0Event
Render
0Event
Render
0Event
Render
0Event
Render
0Event
Render
0Event
Render
0Event
Render
0Event
Render
0Event
Render
0Event
Render
0Event
Render
0Event
Render
0Event
Render
0Event
Render
0Event
Render
0Event
Render
0Event
Render
0Event
Render
0Event
Render
0Event
Render
0Event
Render
0Event
Render
0Event
Render
1Event
0Event
Render
0Event
Render
0Event
Render
0Event
Render
0Event
Render
0Event
Render
0Event
Render
0Event
Render
0Event
Render
0Event
Render
0Event
Render
0Event
Render
0Event
Render
2Event
0Event
Render
0Event
Render
2Event
0Event
Render
2Event
0Event
Render
0Event
Render
2Event
0Event
Render
2Event
0Event
Render
0Event
Render
2Event
0Event
Render
2Event
0Event
Render
0Event
Render
2Event
0Event
Render
2Event
0Event
Render
0Event
Render
2Event
0Event
Render
2Event
0Event
Render
0Event
Render
2Event
0Event
Render
2Event
0Event
Render
0Event
Render
2Event
0Event
Render
2Event
0Event
Render
0Event
Render
2Event
0Event
Render
2Event
0Event
Render
0Event
Render
2Event
0Event
Render
2Event
0Event
Render
0Event
Render
2Event
0Event
Render
2Event
0Event
Render
0Event
Render
2Event
0Event
Render
2Event
0Event
Render
0Event
Render
2Event
0Event
Render
2Event
0Event
Render
0Event
Render
2Event
0Event
Render
2Event
0Event
Render
0Event
Render
2Event
0Event
Render
2Event
0Event
Render
0Event
Render
2Event
0Event
Render
2Event
0Event
Render
0Event
Render
2Event
0Event
Render
2Event
0Event
Render
0Event
Render
2Event
0Event
Render
2Event
0Event
Render
0Event
Render
2Event
0Event
Render
2Event
0Event
Render
0Event
Render
2Event
0Event
Render
2Event
0Event
Render
0Event
Render
2Event
0Event
Render
2Event
0Event
Render
0Event
Render
2Event
0Event
Render
2Event
0Event
Render
0Event
Render
2Event
0Event
Render
2Event
0Event
Render
0Event
Render
2Event
0Event
Render
2Event
0Event
Render
0Event
Render
2Event
0Event
Render
1Event
0Event
Render
0Event
Render
0Event
Render
0Event
Render
0Event
Render
0Event
Render
0Event
Render
0Event
Render
0Event
Render
0Event
Render
0Event
Render
0Event
Render
0Event
Render
0Event
Render
0Event
Render
0Event
Render
1Event
0Event
Render
